Cloning into '.temp/source_repo'...
Updating files:   0% (1/615)Updating files:   1% (7/615)Updating files:   2% (13/615)Updating files:   3% (19/615)Updating files:   4% (25/615)Updating files:   5% (31/615)Updating files:   6% (37/615)Updating files:   7% (44/615)Updating files:   8% (50/615)Updating files:   9% (56/615)Updating files:  10% (62/615)Updating files:  11% (68/615)Updating files:  12% (74/615)Updating files:  13% (80/615)Updating files:  14% (87/615)Updating files:  15% (93/615)Updating files:  16% (99/615)Updating files:  17% (105/615)Updating files:  18% (111/615)Updating files:  19% (117/615)Updating files:  20% (123/615)Updating files:  21% (130/615)Updating files:  22% (136/615)Updating files:  23% (142/615)Updating files:  24% (148/615)Updating files:  25% (154/615)Updating files:  26% (160/615)Updating files:  27% (167/615)Updating files:  28% (173/615)Updating files:  29% (179/615)Updating files:  30% (185/615)Updating files:  31% (191/615)Updating files:  32% (197/615)Updating files:  33% (203/615)Updating files:  34% (210/615)Updating files:  35% (216/615)Updating files:  36% (222/615)Updating files:  37% (228/615)Updating files:  38% (234/615)Updating files:  39% (240/615)Updating files:  40% (246/615)Updating files:  41% (253/615)Updating files:  42% (259/615)Updating files:  43% (265/615)Updating files:  44% (271/615)Updating files:  45% (277/615)Updating files:  46% (283/615)Updating files:  47% (290/615)Updating files:  48% (296/615)Updating files:  49% (302/615)Updating files:  50% (308/615)Updating files:  51% (314/615)Updating files:  52% (320/615)Updating files:  53% (326/615)Updating files:  54% (333/615)Updating files:  55% (339/615)Updating files:  56% (345/615)Updating files:  57% (351/615)Updating files:  58% (357/615)Updating files:  59% (363/615)Updating files:  60% (369/615)Updating files:  61% (376/615)Updating files:  62% (382/615)Updating files:  63% (388/615)Updating files:  64% (394/615)Updating files:  65% (400/615)Updating files:  66% (406/615)Updating files:  67% (413/615)Updating files:  68% (419/615)Updating files:  69% (425/615)Updating files:  70% (431/615)Updating files:  71% (437/615)Updating files:  72% (443/615)Updating files:  73% (449/615)Updating files:  74% (456/615)Updating files:  75% (462/615)Updating files:  76% (468/615)Updating files:  77% (474/615)Updating files:  78% (480/615)Updating files:  79% (486/615)Updating files:  80% (492/615)Updating files:  81% (499/615)Updating files:  82% (505/615)Updating files:  83% (511/615)Updating files:  84% (517/615)Updating files:  85% (523/615)Updating files:  86% (529/615)Updating files:  87% (536/615)Updating files:  88% (542/615)Updating files:  89% (548/615)Updating files:  90% (554/615)Updating files:  91% (560/615)Updating files:  92% (566/615)Updating files:  93% (572/615)Updating files:  94% (579/615)Updating files:  95% (585/615)Updating files:  96% (591/615)Updating files:  97% (597/615)Updating files:  98% (603/615)Updating files:  99% (609/615)Updating files: 100% (615/615)Updating files: 100% (615/615), done.
Cloning into '/home/runner/work/auto-blog-poster/auto-blog-poster/.temp/cache_repo'...
Switched to a new branch 'processed-cache'
branch 'processed-cache' set up to track 'origin/processed-cache'.
From https://github.com/bluhuang/blogs-of-bluhuang
 * branch              processed-cache -> FETCH_HEAD
Already up to date.
Cloning into '/home/runner/work/auto-blog-poster/auto-blog-poster/.temp/deploy_repo'...
Already on 'gh-pages'
Your branch is up to date with 'origin/gh-pages'.
From https://github.com/bluhuang/blogs-of-bluhuang
 * branch              gh-pages   -> FETCH_HEAD
Already up to date.
